true
what is up my friend
4.066666666666666e+00
true
