true
what is up my friend
2.1066666666666666e+01
false
